IP Upgrade report for Lockin_test
Wed Jul 31 09:40:54 2024
Quartus Prime Version 23.1std.1 Build 993 05/14/2024 SC Standard Edition


---------------------
; Table of Contents ;
---------------------
  1. Legal Notice
  2. IP Upgrade Summary
  3. Failed Upgrade IP Components
  4. IP Upgrade Messages



----------------
; Legal Notice ;
----------------
Copyright (C) 2024  Intel Corporation. All rights reserved.
Your use of Intel Corporation's design tools, logic functions 
and other software and tools, and any partner logic 
functions, and any output files from any of the foregoing 
(including device programming or simulation files), and any 
associated documentation or information are expressly subject 
to the terms and conditions of the Intel Program License 
Subscription Agreement, the Intel Quartus Prime License Agreement,
the Intel FPGA IP License Agreement, or other applicable license
agreement, including, without limitation, that your use is for
the sole purpose of programming logic devices manufactured by
Intel and sold by Intel or its authorized distributors.  Please
refer to the applicable agreement for further details, at
https://fpgasoftware.intel.com/eula.



+-----------------------------------------------------------------------------------+
; IP Upgrade Summary                                                                ;
+------------------------------+----------------------------------------------------+
; IP Components Upgrade Status ; Failed - Wed Jul 31 09:40:54 2024                  ;
; Quartus Prime Version        ; 23.1std.1 Build 993 05/14/2024 SC Standard Edition ;
; Revision Name                ; Lockin_test                                        ;
; Top-level Entity Name        ; Lockin_test                                        ;
; Family                       ; Cyclone V                                          ;
+------------------------------+----------------------------------------------------+


+--------------------------------------------------------------------------------------------------------------------------------------------------------------------------------------------------------------------------------------------+
; Failed Upgrade IP Components                                                                                                                                                                                                               ;
+-------------+----------------+---------+-------------------------------------------------+-----------------------------------------------+-----------------+-------------------------------------------------------------------------------+
; Entity Name ; Component Name ; Version ; Original Source File                            ; Generation File Path                          ; New Source File ; Message                                                                       ;
+-------------+----------------+---------+-------------------------------------------------+-----------------------------------------------+-----------------+-------------------------------------------------------------------------------+
; tse_core    ; altera_eth_tse ; 22.1    ; verilog_code/ethernet_1gb/tse_core/tse_core.qip ; verilog_code/ethernet_1gb/tse_core/tse_core.v ;                 ; Error upgrading IP component "verilog_code/ethernet_1gb/tse_core/tse_core.v". ;
+-------------+----------------+---------+-------------------------------------------------+-----------------------------------------------+-----------------+-------------------------------------------------------------------------------+


+---------------------+
; IP Upgrade Messages ;
+---------------------+
Info (11902): Backing up file "verilog_code/ethernet_1gb/tse_core/tse_core.v" to "verilog_code/ethernet_1gb/tse_core/tse_core.BAK.v"
Info (11837): Started upgrading IP component altera_eth_tse with file "verilog_code/ethernet_1gb/tse_core/tse_core.v"
Info (11904): Restoring file "verilog_code/ethernet_1gb/tse_core/tse_core.BAK.v" to "verilog_code/ethernet_1gb/tse_core/tse_core.v"
Error (14921): Error upgrading IP component "verilog_code/ethernet_1gb/tse_core/tse_core.v".
Error (11133): IP component altera_eth_tse with file "verilog_code/ethernet_1gb/tse_core/tse_core.v" upgrade failed
Error (11889): IP component upgrade failed
Error (23031): Evaluation of Tcl script d:/intelfpga_prime/23.1std/quartus/common/tcl/internal/ip_regen/ip_regen.tcl unsuccessful
Error: Quartus Prime Shell was unsuccessful. 4 errors, 1 warning
    Error: Peak virtual memory: 4894 megabytes
    Error: Processing ended: Wed Jul 31 09:40:54 2024
    Error: Elapsed time: 00:00:12
    Error: Total CPU time (on all processors): 00:00:25


