Info: Starting: Create simulation model
Info: qsys-generate D:\Leonardo\git_repos\H-Cube_quartus_test\FPGA\verilog_code\FFt\Test_FFT.qsys --simulation=VERILOG --allow-mixed-language-simulation --output-directory=D:\Leonardo\git_repos\H-Cube_quartus_test\FPGA\verilog_code\FFt\Test_FFT\simulation --family="Cyclone V" --part=5CGXFC5C6F27C7
Progress: Loading FFt/Test_FFT.qsys
Progress: Reading input file
Progress: Adding fft_ii_0 [altera_fft_ii 21.1]
Progress: Parameterizing module fft_ii_0
Progress: Building connections
Progress: Parameterizing connections
Progress: Validating
Progress: Done reading input file
Info: Test_FFT.fft_ii_0: Radix-2 digit reverse implied
Info: Test_FFT: Generating Test_FFT "Test_FFT" for SIM_VERILOG
Info: fft_ii_0: --- add file: Test_FFT_fft_ii_0_opt_twi1.hex
Info: fft_ii_0: --- add file: Test_FFT_fft_ii_0_opt_twr1.hex
Info: fft_ii_0: --- add file: Test_FFT_fft_ii_0_opt_twi2.hex
Info: fft_ii_0: --- add file: Test_FFT_fft_ii_0_opt_twi3.hex
Info: fft_ii_0: --- add file: Test_FFT_fft_ii_0_opt_twr2.hex
Info: fft_ii_0: --- add file: Test_FFT_fft_ii_0_opt_twi4.hex
Info: fft_ii_0: --- add file: Test_FFT_fft_ii_0_opt_twr3.hex
Info: fft_ii_0: --- add file: Test_FFT_fft_ii_0_opt_twr4.hex
Info: fft_ii_0: --- add file: Test_FFT_fft_ii_0_opt_twi5.hex
Info: fft_ii_0: --- add file: Test_FFT_fft_ii_0_opt_twr5.hex
Info: fft_ii_0: --- add file: Test_FFT_fft_ii_0_opt_twi6.hex
Info: fft_ii_0: --- add file: Test_FFT_fft_ii_0_opt_twr6.hex
Info: fft_ii_0: "Test_FFT" instantiated altera_fft_ii "fft_ii_0"
Info: Test_FFT: Done "Test_FFT" with 2 modules, 142 files
Info: qsys-generate succeeded.
Info: Finished: Create simulation model
Info: Starting: Create Modelsim Project.
Info: sim-script-gen --spd=D:\Leonardo\git_repos\H-Cube_quartus_test\FPGA\verilog_code\FFt\Test_FFT\Test_FFT.spd --output-directory=D:/Leonardo/git_repos/H-Cube_quartus_test/FPGA/verilog_code/FFt/Test_FFT/simulation/ --use-relative-paths=true
Info: Doing: ip-make-simscript --spd=D:\Leonardo\git_repos\H-Cube_quartus_test\FPGA\verilog_code\FFt\Test_FFT\Test_FFT.spd --output-directory=D:/Leonardo/git_repos/H-Cube_quartus_test/FPGA/verilog_code/FFt/Test_FFT/simulation/ --use-relative-paths=true
Info: Generating the following file(s) for MODELSIM simulator in D:/Leonardo/git_repos/H-Cube_quartus_test/FPGA/verilog_code/FFt/Test_FFT/simulation/ directory:
Info: 	mentor/msim_setup.tcl
Info: Skipping VCS script generation since VHDL file $QUARTUS_INSTALL_DIR/eda/sim_lib/altera_syn_attributes.vhd is required for simulation
Info: Generating the following file(s) for VCSMX simulator in D:/Leonardo/git_repos/H-Cube_quartus_test/FPGA/verilog_code/FFt/Test_FFT/simulation/ directory:
Info: 	synopsys/vcsmx/synopsys_sim.setup
Info: 	synopsys/vcsmx/vcsmx_setup.sh
Info: Generating the following file(s) for NCSIM simulator in D:/Leonardo/git_repos/H-Cube_quartus_test/FPGA/verilog_code/FFt/Test_FFT/simulation/ directory:
Info: 	cadence/cds.lib
Info: 	cadence/hdl.var
Info: 	cadence/ncsim_setup.sh
Info: 	1 .cds.lib files in cadence/cds_libs/ directory
Info: Generating the following file(s) for RIVIERA simulator in D:/Leonardo/git_repos/H-Cube_quartus_test/FPGA/verilog_code/FFt/Test_FFT/simulation/ directory:
Info: 	aldec/rivierapro_setup.tcl
Info: For information on how to simulate your IP, see the explanatory comments in the simulator-specific subdirectories under D:/Leonardo/git_repos/H-Cube_quartus_test/FPGA/verilog_code/FFt/Test_FFT/simulation/.
Info: Regenerate these scripts whenever you make any change to any Quartus-generated IP in your project.
Info: Finished: Create Modelsim Project.
Info: Starting: Create block symbol file (.bsf)
Info: qsys-generate D:\Leonardo\git_repos\H-Cube_quartus_test\FPGA\verilog_code\FFt\Test_FFT.qsys --block-symbol-file --output-directory=D:\Leonardo\git_repos\H-Cube_quartus_test\FPGA\verilog_code\FFt\Test_FFT --family="Cyclone V" --part=5CGXFC5C6F27C7
Progress: Loading FFt/Test_FFT.qsys
Progress: Reading input file
Progress: Adding fft_ii_0 [altera_fft_ii 21.1]
Progress: Parameterizing module fft_ii_0
Progress: Building connections
Progress: Parameterizing connections
Progress: Validating
Progress: Done reading input file
Info: Test_FFT.fft_ii_0: Radix-2 digit reverse implied
Info: qsys-generate succeeded.
Info: Finished: Create block symbol file (.bsf)
Info: 
Info: Starting: Create HDL design files for synthesis
Info: qsys-generate D:\Leonardo\git_repos\H-Cube_quartus_test\FPGA\verilog_code\FFt\Test_FFT.qsys --synthesis=VERILOG --output-directory=D:\Leonardo\git_repos\H-Cube_quartus_test\FPGA\verilog_code\FFt\Test_FFT\synthesis --family="Cyclone V" --part=5CGXFC5C6F27C7
Progress: Loading FFt/Test_FFT.qsys
Progress: Reading input file
Progress: Adding fft_ii_0 [altera_fft_ii 21.1]
Progress: Parameterizing module fft_ii_0
Progress: Building connections
Progress: Parameterizing connections
Progress: Validating
Progress: Done reading input file
Info: Test_FFT.fft_ii_0: Radix-2 digit reverse implied
Info: Test_FFT: Generating Test_FFT "Test_FFT" for QUARTUS_SYNTH
Info: fft_ii_0: --- add file: Test_FFT_fft_ii_0_opt_twi1.hex
Info: fft_ii_0: --- add file: Test_FFT_fft_ii_0_opt_twr1.hex
Info: fft_ii_0: --- add file: Test_FFT_fft_ii_0_opt_twi2.hex
Info: fft_ii_0: --- add file: Test_FFT_fft_ii_0_opt_twi3.hex
Info: fft_ii_0: --- add file: Test_FFT_fft_ii_0_opt_twr2.hex
Info: fft_ii_0: --- add file: Test_FFT_fft_ii_0_opt_twi4.hex
Info: fft_ii_0: --- add file: Test_FFT_fft_ii_0_opt_twr3.hex
Info: fft_ii_0: --- add file: Test_FFT_fft_ii_0_opt_twr4.hex
Info: fft_ii_0: --- add file: Test_FFT_fft_ii_0_opt_twi5.hex
Info: fft_ii_0: --- add file: Test_FFT_fft_ii_0_opt_twr5.hex
Info: fft_ii_0: --- add file: Test_FFT_fft_ii_0_opt_twi6.hex
Info: fft_ii_0: --- add file: Test_FFT_fft_ii_0_opt_twr6.hex
Info: fft_ii_0: "Test_FFT" instantiated altera_fft_ii "fft_ii_0"
Info: Test_FFT: Done "Test_FFT" with 2 modules, 54 files
Info: qsys-generate succeeded.
Info: Finished: Create HDL design files for synthesis
